* using log directory 'C:/Users/1king/Desktop/University/Research/ZINB R Package/ZINB.GP/..Rcheck'
* using R version 4.4.1 (2024-06-14 ucrt)
* using platform: x86_64-w64-mingw32
* R was compiled by
    gcc.exe (GCC) 13.2.0
    GNU Fortran (GCC) 13.2.0
* running under: Windows 11 x64 (build 26200)
* using session charset: UTF-8
* using options '--no-tests --no-manual'
* checking for file './DESCRIPTION' ... OK
* this is package 'ZINB.GP' version '0.0.1.0'
* package encoding: UTF-8
* checking package namespace information ... OK
* checking package dependencies ... OK
* checking if this is a source package ... OK
* checking if there is a namespace ... OK
* checking for executable files ... OK
* checking for hidden files and directories ... NOTE
Found the following hidden files and directories:
  .github/.gitignore
  .gitignore
  .lintr
  ..Rcheck
  .git
  .github
These were most likely included in error. See section 'Package
structure' in the 'Writing R Extensions' manual.
* checking for portable file names ... OK
* checking whether package 'ZINB.GP' can be installed ... OK
* checking installed package size ... OK
* checking package directory ... OK
* checking DESCRIPTION meta-information ... NOTE
License stub is invalid DCF.
Checking should be performed on sources prepared by 'R CMD build'.
* checking top-level files ... OK
* checking for left-over files ... OK
* checking index information ... OK
* checking package subdirectories ... WARNING
Found the following directory with the name of a check directory:
  ./..Rcheck
Most likely, these were included erroneously.
* checking code files for non-ASCII characters ... OK
* checking R files for syntax errors ... OK
* checking whether the package can be loaded ... OK
* checking whether the package can be loaded with stated dependencies ... OK
* checking whether the package can be unloaded cleanly ... OK
* checking whether the namespace can be loaded with stated dependencies ... OK
* checking whether the namespace can be unloaded cleanly ... OK
* checking loading without being on the library search path ... OK
* checking dependencies in R code ... NOTE
Namespaces in Imports field not imported from:
  'FastGP' 'spNNGP'
  All declared Imports should be used.
* checking S3 generic/method consistency ... OK
* checking replacement functions ... OK
* checking foreign function calls ... OK
* checking R code for possible problems ... NOTE
ZINB_GP: no visible binding for global variable 'R'
ZINB_GP_count: no visible global function definition for 'glm'
ZINB_GP_count: no visible global function definition for 'rbinom'
ZINB_GP_count: no visible global function definition for 'dnbinom'
ZINB_GP_inflation: no visible global function definition for 'glm'
ZINB_GP_inflation: no visible global function definition for 'rbinom'
ZINB_GP_inflation: no visible global function definition for 'dnbinom'
ZINB_GP_inflation: no visible binding for global variable 'd'
ZINB_GP_inflation: no visible binding for global variable 'C'
ZINB_GP_inflation: no visible binding for global variable 'D'
ZINB_GP_orig: no visible global function definition for 'glm'
ZINB_GP_orig: no visible global function definition for 'rbinom'
ZINB_GP_orig: no visible global function definition for 'dnbinom'
estimate: no visible global function definition for 'rbinom'
estimate: no visible global function definition for 'rnbinom'
estimate_noab: no visible global function definition for 'rbinom'
estimate_noab: no visible global function definition for 'rnbinom'
estimate_nocd: no visible global function definition for 'rbinom'
estimate_nocd: no visible global function definition for 'rnbinom'
Undefined global functions or variables:
  C D R d dnbinom glm rbinom rnbinom
Consider adding
  importFrom("stats", "C", "D", "dnbinom", "glm", "rbinom", "rnbinom")
to your NAMESPACE file.
* checking Rd files ... OK
* checking Rd metadata ... OK
* checking Rd cross-references ... OK
* checking for missing documentation entries ... OK
* checking for code/documentation mismatches ... OK
* checking Rd \usage sections ... OK
* checking Rd contents ... OK
* checking for unstated dependencies in examples ... OK
* checking files in 'vignettes' ... WARNING
Files in the 'vignettes' directory but no files in 'inst/doc':
  'Landslides.html'
Package has no Sweave vignette sources and no VignetteBuilder field.
* checking examples ... NONE
* checking for unstated dependencies in 'tests' ... OK
* checking tests ... SKIPPED
* checking package vignettes ... NOTE
Package has 'vignettes' subdirectory but apparently no vignettes.
Perhaps the 'VignetteBuilder' information is missing from the
DESCRIPTION file?
* DONE
Status: 2 WARNINGs, 5 NOTEs
